// Jest Snapshot v1, https://goo.gl/fbAQLP

exports[`CollectionItem component testing should render the CollectionItem component 1`] = `ShallowWrapper {}`;
