// Jest Snapshot v1, https://goo.gl/fbAQLP

exports[`CheckoutItem component testing Should render the CheckoutItem component 1`] = `ShallowWrapper {}`;
