// Jest Snapshot v1, https://goo.gl/fbAQLP

exports[`CartIcon component Should render the CartIcon component 1`] = `ShallowWrapper {}`;
