// Jest Snapshot v1, https://goo.gl/fbAQLP

exports[`CartDropdown component Should render CartDropdown component 1`] = `ShallowWrapper {}`;
