// Jest Snapshot v1, https://goo.gl/fbAQLP

exports[`Should render the CartItem component 1`] = `ShallowWrapper {}`;
